traffic_light.c:9:6:OffAll1	8	static
traffic_light.c:14:6:OffAll2	8	static
traffic_light.c:19:6:OnLedRed1	8	static
traffic_light.c:24:6:OnLedRed2	8	static
traffic_light.c:29:6:OnLedYellow1	8	static
traffic_light.c:34:6:OnLedYellow2	8	static
traffic_light.c:39:6:OnLedGreen1	8	static
traffic_light.c:44:6:OnLedGreen2	8	static
traffic_light.c:51:6:BlinkyLedRed	8	static
traffic_light.c:55:6:BlinkyLedYellow	8	static
traffic_light.c:59:6:BlinkyLedGreen	8	static
traffic_light.c:63:6:BlinkyLed	16	static
